// Jest Snapshot v1, https://goo.gl/fbAQLP

exports[`renders correctly 1`] = `
<div
  className="styled-sc-144wh3b-0 iUlbjp Box-sc-6sssmg-0 inpIDs"
  style={
    Object {
      "marginLeft": "10px",
      "textAlign": "left",
      "width": "96%",
    }
  }
  width="96%"
>
  <div
    className="Flex-sp5dv1-0 ddZvmG Box-sc-6sssmg-0 inpIDs"
    style={
      Object {
        "alignItems": "center",
        "marginBottom": "10px",
      }
    }
  >
    <h1
      className="heading styled-cya4kb-0 iFEcqF Heading-uhfcou-0 bnhnuY Box-sc-6sssmg-0 inpIDs"
    >
      MockName
    </h1>
  </div>
  <div
    className="Flex-sp5dv1-0 styled-sc-18btutf-0 kkaizR Box-sc-6sssmg-0 inpIDs"
    display="block"
    spacing="major-2"
    style={
      Object {
        "display": "block",
        "marginBottom": "20px",
      }
    }
  >
    <strong
      className="styled-sc-9qokh7-0 skDAJ Box-sc-6sssmg-0 inpIDs"
      style={
        Object {
          "color": undefined,
        }
      }
    >
      Contest type: 
    </strong>
    mockContestTypeName
    <strong
      className="styled-sc-9qokh7-0 skDAJ Box-sc-6sssmg-0 inpIDs"
      style={
        Object {
          "color": undefined,
        }
      }
    >
      Damage class: 
    </strong>
    mockDamageClassName
  </div>
  <div
    className="Flex-sp5dv1-0 styled-sc-18btutf-0 kkaizR Box-sc-6sssmg-0 inpIDs"
    spacing="minor-2"
    style={
      Object {
        "marginBottom": "20px",
      }
    }
  >
    <div
      className="Flex-sp5dv1-0 InlineFlex-sc-129poqw-0 styled__Tag-sc-1g01kou-2 gajwsF Box-sc-6sssmg-0 inpIDs"
      style={
        Object {
          "backgroundColor": "mockTypeName",
        }
      }
    >
      <div
        className="styled__TagContent-sc-1g01kou-1 iuaGjz Box-sc-6sssmg-0 inpIDs"
      >
        mockTypeName
      </div>
    </div>
  </div>
  <div
    className="Box-sc-6sssmg-0 inpIDs"
    style={
      Object {
        "marginTop": "40px",
      }
    }
  >
    <div
      className="styled-otaduv-0 wkSBA Box-sc-6sssmg-0 inpIDs"
      style={
        Object {
          "marginBottom": "20px",
          "marginTop": "20px",
        }
      }
    >
      <div
        className="styled__Column-sc-1lmgd0f-0 giZWgM Box-sc-6sssmg-0 inpIDs"
        display="inline-block"
        style={
          Object {
            "display": "inline-block",
          }
        }
      >
        <div
          className="Box-sc-6sssmg-0 inpIDs"
        >
          <svg
            className="sc-bdVaJa fJZkWb"
            viewBox="0 0 36 36"
          >
            <path
              className="sc-bwzfXH fUxNdF"
              d="M18 2.0845 a 15.9155 15.9155 0 0 1 0 31.831 a 15.9155 15.9155 0 0 1 0 -31.831"
            />
            <path
              className="sc-bxivhb dsVxfS"
              color={[Function]}
              d="M18 2.0845 a 15.9155 15.9155 0 0 1 0 31.831 a 15.9155 15.9155 0 0 1 0 -31.831"
            />
            <text
              className="sc-htpNat jJPiwm"
              x="18"
              y="20.35"
            >
              mockAccuracy
            </text>
          </svg>
          <div
            className="Box-sc-6sssmg-0 inpIDs"
            style={
              Object {
                "textAlign": "center",
              }
            }
          >
            Accuracy
          </div>
        </div>
      </div>
      <div
        className="styled__Column-sc-1lmgd0f-0 giZWgM Box-sc-6sssmg-0 inpIDs"
        display="inline-block"
        style={
          Object {
            "display": "inline-block",
          }
        }
      >
        <div
          className="Box-sc-6sssmg-0 inpIDs"
        >
          <svg
            className="sc-bdVaJa fJZkWb"
            viewBox="0 0 36 36"
          >
            <path
              className="sc-bwzfXH fUxNdF"
              d="M18 2.0845 a 15.9155 15.9155 0 0 1 0 31.831 a 15.9155 15.9155 0 0 1 0 -31.831"
            />
            <path
              className="sc-bxivhb MebOY"
              color={[Function]}
              d="M18 2.0845 a 15.9155 15.9155 0 0 1 0 31.831 a 15.9155 15.9155 0 0 1 0 -31.831"
            />
            <text
              className="sc-htpNat jJPiwm"
              x="18"
              y="20.35"
            >
              mockPP
            </text>
          </svg>
          <div
            className="Box-sc-6sssmg-0 inpIDs"
            style={
              Object {
                "textAlign": "center",
              }
            }
          >
            PP
          </div>
        </div>
      </div>
      <div
        className="styled__Column-sc-1lmgd0f-0 giZWgM Box-sc-6sssmg-0 inpIDs"
        display="inline-block"
        style={
          Object {
            "display": "inline-block",
          }
        }
      >
        <div
          className="Box-sc-6sssmg-0 inpIDs"
        >
          <svg
            className="sc-bdVaJa fJZkWb"
            viewBox="0 0 36 36"
          >
            <path
              className="sc-bwzfXH fUxNdF"
              d="M18 2.0845 a 15.9155 15.9155 0 0 1 0 31.831 a 15.9155 15.9155 0 0 1 0 -31.831"
            />
            <path
              className="sc-bxivhb umeSt"
              color={[Function]}
              d="M18 2.0845 a 15.9155 15.9155 0 0 1 0 31.831 a 15.9155 15.9155 0 0 1 0 -31.831"
            />
            <text
              className="sc-htpNat jJPiwm"
              x="18"
              y="20.35"
            >
              mockPower
            </text>
          </svg>
          <div
            className="Box-sc-6sssmg-0 inpIDs"
            style={
              Object {
                "textAlign": "center",
              }
            }
          >
            Power
          </div>
        </div>
      </div>
    </div>
  </div>
</div>
`;
