// Jest Snapshot v1, https://goo.gl/fbAQLP

exports[`renders correctly 1`] = `
<div
  className="styled-sc-144wh3b-0 iUlbjp sc-bdVaJa eUADIL"
  style={
    Object {
      "marginLeft": "10px",
      "textAlign": "left",
      "width": "100%",
    }
  }
  width="100%"
>
  <div
    className="sc-ifAKCX jEBRGJ sc-bdVaJa eUADIL"
    style={
      Object {
        "alignItems": "flex-end",
      }
    }
  >
    <h1
      className="heading styled-cya4kb-0 iFEcqF sc-htoDjs hDVFrt sc-bdVaJa eUADIL"
    >
      MockName
    </h1>
    <img
      className="styled-sc-19nzt74-0 ivQgwC sc-eHgmQL ljDLPK sc-bdVaJa eUADIL"
      src="mockImageUrl"
    />
  </div>
  <div
    className="styled-sc-18btutf-0 eSjZSA sc-ifAKCX jEBRGJ sc-bdVaJa eUADIL"
    display="block"
    spacing="major-2"
    style={
      Object {
        "display": "block",
        "marginBottom": "20px",
      }
    }
  >
    <strong
      className="styled-sc-9qokh7-0 skDAJ sc-bdVaJa eUADIL"
      style={
        Object {
          "color": undefined,
        }
      }
    >
      Height: 
    </strong>
    mockHeight
    <strong
      className="styled-sc-9qokh7-0 skDAJ sc-bdVaJa eUADIL"
      style={
        Object {
          "color": undefined,
        }
      }
    >
      Weight: 
    </strong>
    mockWeight
  </div>
  <div
    className="styled-sc-18btutf-0 eSjZSA sc-ifAKCX jEBRGJ sc-bdVaJa eUADIL"
    spacing="minor-2"
    style={
      Object {
        "marginBottom": "20px",
      }
    }
  >
    <div
      className="styled__Tag-sc-1g01kou-2 iIJwdg sc-EHOje llGVFe sc-ifAKCX jEBRGJ sc-bdVaJa eUADIL"
      style={
        Object {
          "backgroundColor": "mockTypeName",
        }
      }
    >
      <div
        className="styled__TagContent-sc-1g01kou-1 iuaGjz sc-bdVaJa eUADIL"
      >
        mockTypeName
      </div>
    </div>
  </div>
  <div
    className="sc-bdVaJa eUADIL"
    style={
      Object {
        "marginTop": "40px",
      }
    }
  >
    <h5
      className="heading styled-cya4kb-0 iFEcqF sc-htoDjs hDVFrt sc-bdVaJa eUADIL"
    >
      Stats
    </h5>
    <div
      className="styled-otaduv-0 wkSBA sc-bdVaJa eUADIL"
      style={
        Object {
          "marginBottom": "20px",
          "marginTop": "20px",
        }
      }
    >
      <div
        className="styled__Column-sc-1lmgd0f-0 bXAOxK sc-bdVaJa eUADIL"
        display="inline-block"
        style={
          Object {
            "display": "inline-block",
          }
        }
      >
        <div
          className="sc-bdVaJa eUADIL"
        >
          <svg
            className="sc-kvZOFW bpqqZN"
            viewBox="0 0 36 36"
          >
            <path
              className="sc-hqyNC fvotJr"
              d="M18 2.0845 a 15.9155 15.9155 0 0 1 0 31.831 a 15.9155 15.9155 0 0 1 0 -31.831"
            />
            <path
              className="sc-dNLxif dDydya"
              color={[Function]}
              d="M18 2.0845 a 15.9155 15.9155 0 0 1 0 31.831 a 15.9155 15.9155 0 0 1 0 -31.831"
            />
            <text
              className="sc-jbKcbu kEedeD"
              x="18"
              y="20.35"
            >
              mockBaseStat
            </text>
          </svg>
          <div
            className="sc-bdVaJa eUADIL"
            style={
              Object {
                "textAlign": "center",
              }
            }
          >
            mockStatName
          </div>
        </div>
      </div>
    </div>
  </div>
  <div
    className="sc-bdVaJa eUADIL"
    style={
      Object {
        "marginTop": "40px",
      }
    }
  >
    <h5
      className="heading styled-cya4kb-0 iFEcqF sc-htoDjs hDVFrt sc-bdVaJa eUADIL"
    >
      Sprites
    </h5>
    <div
      className="styled-otaduv-0 wkSBA sc-bdVaJa eUADIL"
      style={
        Object {
          "textAlign": "center",
        }
      }
    >
      <div
        className="styled__Column-sc-1lmgd0f-0 jUBHv sc-bdVaJa eUADIL"
        display="inline-block"
        style={
          Object {
            "display": "inline-block",
          }
        }
      >
        <img
          className="styled-sc-19nzt74-0 ivQgwC sc-eHgmQL ljDLPK sc-bdVaJa eUADIL"
          src="mockImageUrl"
        />
        <span
          className="styled-sc-9qokh7-0 skDAJ sc-bdVaJa eUADIL"
          display="block"
          style={
            Object {
              "color": undefined,
              "display": "block",
            }
          }
        >
          front default
        </span>
      </div>
    </div>
  </div>
</div>
`;
