// Jest Snapshot v1, https://goo.gl/fbAQLP

exports[`renders correctly 1`] = `
<div
  className="Box-sc-6sssmg-0 inpIDs"
  style={
    Object {
      "marginLeft": "7px",
      "marginRight": "7px",
    }
  }
>
  <div
    className="Field-jd7v3e-0 styled-ixmo9v-5 iZvzCO Box-sc-6sssmg-0 inpIDs"
  >
    <div
      className="sc-bdVaJa kulbDP styled__InputWrapper-kl4ffb-2 Rsbvv Box-sc-6sssmg-0 inpIDs"
    >
      <input
        aria-invalid={false}
        aria-required={false}
        autoFocus={false}
        className="styled-kl4ffb-3 caPFUM Input-tpacev-0 igsxQX Box-sc-6sssmg-0 inpIDs"
        disabled={false}
        multiple={false}
        placeholder="search"
        type="text"
      />
    </div>
    <div />
  </div>
  <div
    className="styled-sc-144wh3b-0 iUlbjp Box-sc-6sssmg-0 inpIDs"
    style={
      Object {
        "marginTop": "20px",
        "textAlign": "left",
      }
    }
  >
    <div
      className="Box-sc-6sssmg-0 inpIDs"
      height="70vh"
      onScroll={[Function]}
      style={
        Object {
          "height": "70vh",
          "overflowX": "hidden",
          "overflowY": "scroll",
        }
      }
    />
  </div>
</div>
`;
