// Jest Snapshot v1, https://goo.gl/fbAQLP

exports[`renders correctly 1`] = `
<a
  href="/undefined/mockId"
  onClick={[Function]}
>
  <div
    className="sc-kvZOFW gFIbtn sc-bdVaJa eUADIL"
  >
    <div
      className="styled-otaduv-0 wkSBA sc-bdVaJa eUADIL"
    >
      <div
        className="styled__Column-sc-1lmgd0f-0 esYmZI sc-bdVaJa eUADIL"
      >
        mockIndex
      </div>
      <div
        className="styled__Column-sc-1lmgd0f-0 RTVYE sc-bdVaJa eUADIL"
      >
        MockName
      </div>
    </div>
  </div>
</a>
`;
